{
  "data": [
    {
      "attributes": {
        "created-at": "0001-01-01T00:00:00Z",
        "description": "Specify that one bug blocks another one.",
        "forward_name": "forward name string for type1 01dd8598-3771-4ecc-bb4d-85ac1d21be7e",
        "name": "type1 01dd8598-3771-4ecc-bb4d-85ac1d21be7e",
        "reverse_name": "reverse name string for type1 01dd8598-3771-4ecc-bb4d-85ac1d21be7e",
        "topology": "network",
        "updated-at": "0001-01-01T00:00:00Z",
        "version": 0
      },
      "id": "01dd8598-3771-4ecc-bb4d-85ac1d21be7e",
      "links": {
        "self": "http:///api/spaces/26efe317-fbc2-4b4b-8369-bf5cf2325424/workitemlinktypes/01dd8598-3771-4ecc-bb4d-85ac1d21be7e",
        "typeCombinations": "http:///api/spaces/26efe317-fbc2-4b4b-8369-bf5cf2325424/workitemlinktypes/01dd8598-3771-4ecc-bb4d-85ac1d21be7e/typeCombinations"
      },
      "relationships": {
        "link_category": {
          "data": {
            "id": "cca21f05-48e8-45be-b506-a7ddfd3bf520",
            "type": "workitemlinkcategories"
          },
          "links": {
            "self": "http:///api/workitemlinkcategories/cca21f05-48e8-45be-b506-a7ddfd3bf520"
          }
        },
        "space": {
          "data": {
            "id": "26efe317-fbc2-4b4b-8369-bf5cf2325424",
            "type": "spaces"
          },
          "links": {
            "self": "http:///api/spaces/26efe317-fbc2-4b4b-8369-bf5cf2325424"
          }
        }
      },
      "type": "workitemlinktypes"
    },
    {
      "attributes": {
        "created-at": "0001-01-01T00:00:00Z",
        "description": "Specify that one bug blocks another one.",
        "forward_name": "forward name string for type1 4a507999-6381-4e14-980a-2cd604697da3",
        "name": "type1 4a507999-6381-4e14-980a-2cd604697da3",
        "reverse_name": "reverse name string for type1 4a507999-6381-4e14-980a-2cd604697da3",
        "topology": "network",
        "updated-at": "0001-01-01T00:00:00Z",
        "version": 0
      },
      "id": "4a507999-6381-4e14-980a-2cd604697da3",
      "links": {
        "self": "http:///api/spaces/26efe317-fbc2-4b4b-8369-bf5cf2325424/workitemlinktypes/4a507999-6381-4e14-980a-2cd604697da3",
        "typeCombinations": "http:///api/spaces/26efe317-fbc2-4b4b-8369-bf5cf2325424/workitemlinktypes/4a507999-6381-4e14-980a-2cd604697da3/typeCombinations"
      },
      "relationships": {
        "link_category": {
          "data": {
            "id": "cca21f05-48e8-45be-b506-a7ddfd3bf520",
            "type": "workitemlinkcategories"
          },
          "links": {
            "self": "http:///api/workitemlinkcategories/cca21f05-48e8-45be-b506-a7ddfd3bf520"
          }
        },
        "space": {
          "data": {
            "id": "26efe317-fbc2-4b4b-8369-bf5cf2325424",
            "type": "spaces"
          },
          "links": {
            "self": "http:///api/spaces/26efe317-fbc2-4b4b-8369-bf5cf2325424"
          }
        }
      },
      "type": "workitemlinktypes"
    },
    {
      "attributes": {
        "created-at": "0001-01-01T00:00:00Z",
        "description": "Specify that one bug blocks another one.",
        "forward_name": "forward name string for type2 cc3168c2-adfc-45af-8abf-c1c17bbd523c",
        "name": "type2 cc3168c2-adfc-45af-8abf-c1c17bbd523c",
        "reverse_name": "reverse name string for type2 cc3168c2-adfc-45af-8abf-c1c17bbd523c",
        "topology": "network",
        "updated-at": "0001-01-01T00:00:00Z",
        "version": 0
      },
      "id": "cc3168c2-adfc-45af-8abf-c1c17bbd523c",
      "links": {
        "self": "http:///api/spaces/26efe317-fbc2-4b4b-8369-bf5cf2325424/workitemlinktypes/cc3168c2-adfc-45af-8abf-c1c17bbd523c",
        "typeCombinations": "http:///api/spaces/26efe317-fbc2-4b4b-8369-bf5cf2325424/workitemlinktypes/cc3168c2-adfc-45af-8abf-c1c17bbd523c/typeCombinations"
      },
      "relationships": {
        "link_category": {
          "data": {
            "id": "cca21f05-48e8-45be-b506-a7ddfd3bf520",
            "type": "workitemlinkcategories"
          },
          "links": {
            "self": "http:///api/workitemlinkcategories/cca21f05-48e8-45be-b506-a7ddfd3bf520"
          }
        },
        "space": {
          "data": {
            "id": "26efe317-fbc2-4b4b-8369-bf5cf2325424",
            "type": "spaces"
          },
          "links": {
            "self": "http:///api/spaces/26efe317-fbc2-4b4b-8369-bf5cf2325424"
          }
        }
      },
      "type": "workitemlinktypes"
    },
    {
      "attributes": {
        "created-at": "0001-01-01T00:00:00Z",
        "description": "Specify that one bug blocks another one.",
        "forward_name": "forward name string for type1 f4f24ea4-be81-4290-a01d-71952b312fad",
        "name": "type1 f4f24ea4-be81-4290-a01d-71952b312fad",
        "reverse_name": "reverse name string for type1 f4f24ea4-be81-4290-a01d-71952b312fad",
        "topology": "network",
        "updated-at": "0001-01-01T00:00:00Z",
        "version": 0
      },
      "id": "f4f24ea4-be81-4290-a01d-71952b312fad",
      "links": {
        "self": "http:///api/spaces/26efe317-fbc2-4b4b-8369-bf5cf2325424/workitemlinktypes/f4f24ea4-be81-4290-a01d-71952b312fad",
        "typeCombinations": "http:///api/spaces/26efe317-fbc2-4b4b-8369-bf5cf2325424/workitemlinktypes/f4f24ea4-be81-4290-a01d-71952b312fad/typeCombinations"
      },
      "relationships": {
        "link_category": {
          "data": {
            "id": "cca21f05-48e8-45be-b506-a7ddfd3bf520",
            "type": "workitemlinkcategories"
          },
          "links": {
            "self": "http:///api/workitemlinkcategories/cca21f05-48e8-45be-b506-a7ddfd3bf520"
          }
        },
        "space": {
          "data": {
            "id": "26efe317-fbc2-4b4b-8369-bf5cf2325424",
            "type": "spaces"
          },
          "links": {
            "self": "http:///api/spaces/26efe317-fbc2-4b4b-8369-bf5cf2325424"
          }
        }
      },
      "type": "workitemlinktypes"
    }
  ],
  "included": [
    {
      "attributes": {
        "description": "This work item link category is managed by an admin user.",
        "name": "link category cca21f05-48e8-45be-b506-a7ddfd3bf520",
        "version": 0
      },
      "id": "cca21f05-48e8-45be-b506-a7ddfd3bf520",
      "type": "workitemlinkcategories"
    }
  ],
  "meta": {
    "totalCount": 4
  }
}