{
  "data": {
    "attributes": {
      "created-at": "0001-01-01T00:00:00Z",
      "description": "Specify that one bug blocks another one.",
      "forward_name": "forward name string for type1 ee821482-f1dc-43b2-9de5-0bc07b3832b4",
      "name": "type1 ee821482-f1dc-43b2-9de5-0bc07b3832b4",
      "reverse_name": "reverse name string for type1 ee821482-f1dc-43b2-9de5-0bc07b3832b4",
      "topology": "network",
      "updated-at": "0001-01-01T00:00:00Z",
      "version": 0
    },
    "id": "ee821482-f1dc-43b2-9de5-0bc07b3832b4",
    "links": {
      "self": "http:///api/spaces/26efe317-fbc2-4b4b-8369-bf5cf2325424/workitemlinktypes/ee821482-f1dc-43b2-9de5-0bc07b3832b4",
      "typeCombinations": "http:///api/spaces/26efe317-fbc2-4b4b-8369-bf5cf2325424/workitemlinktypes/ee821482-f1dc-43b2-9de5-0bc07b3832b4/typeCombinations"
    },
    "relationships": {
      "link_category": {
        "data": {
          "id": "cca21f05-48e8-45be-b506-a7ddfd3bf520",
          "type": "workitemlinkcategories"
        },
        "links": {
          "self": "http:///api/workitemlinkcategories/cca21f05-48e8-45be-b506-a7ddfd3bf520"
        }
      },
      "space": {
        "data": {
          "id": "26efe317-fbc2-4b4b-8369-bf5cf2325424",
          "type": "spaces"
        },
        "links": {
          "self": "http:///api/spaces/26efe317-fbc2-4b4b-8369-bf5cf2325424"
        }
      }
    },
    "type": "workitemlinktypes"
  },
  "included": [
    {
      "attributes": {
        "description": "This work item link category is managed by an admin user.",
        "name": "link category cca21f05-48e8-45be-b506-a7ddfd3bf520",
        "version": 0
      },
      "id": "cca21f05-48e8-45be-b506-a7ddfd3bf520",
      "type": "workitemlinkcategories"
    }
  ]
}