{
  "Content-Type": [
    "application/vnd.api+json"
  ],
  "Location": [
    "/api/spaces/2e0698d8-753e-4cef-bb7c-f027634824a2/workitemtypes/729431f2-bca4-4062-9087-c751807b569f"
  ]
}