{
  "data": {
    "attributes": {
      "created-at": "0001-01-01T00:00:00Z",
      "description": "Description for 'person'",
      "fields": {
        "name": {
          "description": "",
          "label": "",
          "required": true,
          "type": {
            "kind": "string"
          }
        }
      },
      "icon": "fa-user",
      "name": "person",
      "updated-at": "0001-01-01T00:00:00Z",
      "version": 0
    },
    "id": "22a1e4f1-7e9d-4ce8-ac87-fe7c79356b16",
    "relationships": {
      "space": {
        "data": {
          "id": "2e0698d8-753e-4cef-bb7c-f027634824a2",
          "type": "spaces"
        },
        "links": {
          "related": "http:///api/spaces/2e0698d8-753e-4cef-bb7c-f027634824a2",
          "self": "http:///api/spaces/2e0698d8-753e-4cef-bb7c-f027634824a2"
        }
      }
    },
    "type": "workitemtypes"
  }
}