{
  "Content-Type": [
    "application/vnd.api+json"
  ],
  "Location": [
    "/api/spaces/2e0698d8-753e-4cef-bb7c-f027634824a2/workitemtypes/22a1e4f1-7e9d-4ce8-ac87-fe7c79356b16"
  ]
}